2025-12-17 11:46:36 - accuracy_simulation - INFO - main:227 - Using baseline config: simulation/simulation_configs/accuracy_optimal_2025-12-16_12-05-55
2025-12-17 11:46:36 - accuracy_simulation - INFO - __init__:94 - Initializing AccuracySimulationManager
2025-12-17 11:46:36 - accuracy_simulation - INFO - __init__:398 - Initializing ConfigGenerator with baseline folder: simulation/simulation_configs/accuracy_optimal_2025-12-16_12-05-55
2025-12-17 11:46:36 - accuracy_simulation - INFO - __init__:399 - Test values per parameter: 1 (total values: 2)
2025-12-17 11:46:36 - accuracy_simulation - DEBUG - load_baseline_from_folder:331 - Loaded base config from simulation/simulation_configs/accuracy_optimal_2025-12-16_12-05-55/league_config.json
2025-12-17 11:46:36 - accuracy_simulation - DEBUG - load_baseline_from_folder:347 - Loaded draft_config.json for horizon 'ros'
2025-12-17 11:46:36 - accuracy_simulation - DEBUG - load_baseline_from_folder:347 - Loaded week1-5.json for horizon '1-5'
2025-12-17 11:46:36 - accuracy_simulation - DEBUG - load_baseline_from_folder:347 - Loaded week6-9.json for horizon '6-9'
2025-12-17 11:46:36 - accuracy_simulation - DEBUG - load_baseline_from_folder:347 - Loaded week10-13.json for horizon '10-13'
2025-12-17 11:46:36 - accuracy_simulation - DEBUG - load_baseline_from_folder:347 - Loaded week14-17.json for horizon '14-17'
2025-12-17 11:46:36 - accuracy_simulation - INFO - load_baseline_from_folder:364 - Loaded 5 horizon configs from folder: simulation/simulation_configs/accuracy_optimal_2025-12-16_12-05-55
2025-12-17 11:46:36 - accuracy_simulation - INFO - __init__:411 - ConfigGenerator initialized successfully with 5 horizon configs
2025-12-17 11:46:36 - accuracy_simulation - DEBUG - __init__:68 - AccuracyCalculator initialized
2025-12-17 11:46:36 - accuracy_simulation - INFO - __init__:160 - AccuracyResultsManager initialized: simulation/simulation_configs
2025-12-17 11:46:36 - accuracy_simulation - INFO - __init__:123 - Discovered 3 historical seasons: ['2021', '2022', '2024']
2025-12-17 11:46:36 - accuracy_simulation - INFO - __init__:129 - AccuracySimulationManager initialized: 64 configs/param
2025-12-17 11:46:36 - accuracy_simulation - INFO - run_ros_optimization:543 - Starting ROS accuracy optimization
2025-12-17 11:46:36 - accuracy_simulation - DEBUG - _detect_resume_state:276 - Found 3 valid intermediate folders, highest: TEAM_QUALITY_MIN_WEEKS (idx 2)
2025-12-17 11:46:36 - accuracy_simulation - INFO - run_ros_optimization:554 - Resuming from parameter 4/16
2025-12-17 11:46:36 - accuracy_simulation - DEBUG - load_intermediate_results:511 - Skipped week1-5.json - not accuracy format (missing mae field)
2025-12-17 11:46:36 - accuracy_simulation - DEBUG - load_intermediate_results:511 - Skipped week6-9.json - not accuracy format (missing mae field)
2025-12-17 11:46:36 - accuracy_simulation - DEBUG - load_intermediate_results:511 - Skipped week10-13.json - not accuracy format (missing mae field)
2025-12-17 11:46:36 - accuracy_simulation - DEBUG - load_intermediate_results:511 - Skipped week14-17.json - not accuracy format (missing mae field)
2025-12-17 11:46:36 - accuracy_simulation - INFO - load_intermediate_results:513 - Loaded 1 intermediate configs from simulation/simulation_configs/accuracy_intermediate_02_TEAM_QUALITY_MIN_WEEKS
2025-12-17 11:46:36 - accuracy_simulation - INFO - run_ros_optimization:557 - Loaded intermediate results from accuracy_intermediate_02_TEAM_QUALITY_MIN_WEEKS
2025-12-17 11:46:36 - accuracy_simulation - DEBUG - run_ros_optimization:591 - Skipping already-completed parameter 0: NORMALIZATION_MAX_SCALE
2025-12-17 11:46:36 - accuracy_simulation - DEBUG - run_ros_optimization:591 - Skipping already-completed parameter 1: TEAM_QUALITY_SCORING_WEIGHT
2025-12-17 11:46:36 - accuracy_simulation - DEBUG - run_ros_optimization:591 - Skipping already-completed parameter 2: TEAM_QUALITY_MIN_WEEKS
2025-12-17 11:46:36 - accuracy_simulation - INFO - run_ros_optimization:594 - Optimizing parameter 4/16: PERFORMANCE_SCORING_WEIGHT
2025-12-17 11:46:36 - accuracy_simulation - DEBUG - __init__:200 - Using legacy config structure: /tmp/accuracy_sim_7ldycq7p/league_config.json
2025-12-17 11:46:36 - accuracy_simulation - DEBUG - _load_config:920 - Loading configuration from: /tmp/accuracy_sim_7ldycq7p/league_config.json
2025-12-17 11:46:36 - accuracy_simulation - DEBUG - _load_config:929 - Successfully loaded JSON configuration
2025-12-17 11:46:36 - accuracy_simulation - DEBUG - _validate_config_structure:1001 - Configuration structure validation passed
2025-12-17 11:46:36 - accuracy_simulation - DEBUG - _load_config:942 - Loaded configuration: 'Accuracy Optimal draft_config (2025-12-16_12-05-55)'
2025-12-17 11:46:36 - accuracy_simulation - DEBUG - _load_config:943 - Description: ROS (Rest of Season) prediction parameters
2025-12-17 11:46:36 - accuracy_simulation - DEBUG - _load_config:944 - Parameters count: 17
2025-12-17 11:46:36 - accuracy_simulation - ERROR - main:283 - Simulation failed: Config missing required parameters: NORMALIZATION_MAX_SCALE, PLAYER_RATING_SCORING, TEAM_QUALITY_SCORING, MATCHUP_SCORING
Traceback (most recent call last):
  File "/home/kai/code/FantasyFootballHelperScriptsRefactored/run_accuracy_simulation.py", line 265, in main
    optimal_path = manager.run_ros_optimization()
  File "/home/kai/code/FantasyFootballHelperScriptsRefactored/simulation/accuracy/AccuracySimulationManager.py", line 614, in run_ros_optimization
    result = self._evaluate_config_ros(config_dict)
  File "/home/kai/code/FantasyFootballHelperScriptsRefactored/simulation/accuracy/AccuracySimulationManager.py", line 398, in _evaluate_config_ros
    player_mgr = self._create_player_manager(config_dict, projected_path.parent, season_path)
  File "/home/kai/code/FantasyFootballHelperScriptsRefactored/simulation/accuracy/AccuracySimulationManager.py", line 358, in _create_player_manager
    config_mgr = ConfigManager(temp_dir)
  File "/home/kai/code/FantasyFootballHelperScriptsRefactored/league_helper/util/ConfigManager.py", line 234, in __init__
    self._load_config()
    ~~~~~~~~~~~~~~~~~^^
  File "/home/kai/code/FantasyFootballHelperScriptsRefactored/league_helper/util/ConfigManager.py", line 975, in _load_config
    self._extract_parameters()
    ~~~~~~~~~~~~~~~~~~~~~~~~^^
  File "/home/kai/code/FantasyFootballHelperScriptsRefactored/league_helper/util/ConfigManager.py", line 1027, in _extract_parameters
    raise ValueError(
        f"Config missing required parameters: {', '.join(missing_params)}"
    )
ValueError: Config missing required parameters: NORMALIZATION_MAX_SCALE, PLAYER_RATING_SCORING, TEAM_QUALITY_SCORING, MATCHUP_SCORING
2025-12-18 15:46:10 - accuracy_simulation - INFO - main:227 - Using baseline config: simulation/simulation_configs/accuracy_optimal_2025-12-16_12-05-55
2025-12-18 15:46:10 - accuracy_simulation - INFO - __init__:94 - Initializing AccuracySimulationManager
2025-12-18 15:46:10 - accuracy_simulation - INFO - __init__:398 - Initializing ConfigGenerator with baseline folder: simulation/simulation_configs/accuracy_optimal_2025-12-16_12-05-55
2025-12-18 15:46:10 - accuracy_simulation - INFO - __init__:399 - Test values per parameter: 2 (total values: 3)
2025-12-18 15:46:10 - accuracy_simulation - DEBUG - load_baseline_from_folder:331 - Loaded base config from simulation/simulation_configs/accuracy_optimal_2025-12-16_12-05-55/league_config.json
2025-12-18 15:46:10 - accuracy_simulation - DEBUG - load_baseline_from_folder:347 - Loaded draft_config.json for horizon 'ros'
2025-12-18 15:46:10 - accuracy_simulation - DEBUG - load_baseline_from_folder:347 - Loaded week1-5.json for horizon '1-5'
2025-12-18 15:46:10 - accuracy_simulation - DEBUG - load_baseline_from_folder:347 - Loaded week6-9.json for horizon '6-9'
2025-12-18 15:46:10 - accuracy_simulation - DEBUG - load_baseline_from_folder:347 - Loaded week10-13.json for horizon '10-13'
2025-12-18 15:46:10 - accuracy_simulation - DEBUG - load_baseline_from_folder:347 - Loaded week14-17.json for horizon '14-17'
2025-12-18 15:46:10 - accuracy_simulation - INFO - load_baseline_from_folder:364 - Loaded 5 horizon configs from folder: simulation/simulation_configs/accuracy_optimal_2025-12-16_12-05-55
2025-12-18 15:46:10 - accuracy_simulation - INFO - __init__:411 - ConfigGenerator initialized successfully with 5 horizon configs
2025-12-18 15:46:10 - accuracy_simulation - DEBUG - __init__:68 - AccuracyCalculator initialized
2025-12-18 15:46:10 - accuracy_simulation - INFO - __init__:173 - AccuracyResultsManager initialized: simulation/simulation_configs
2025-12-18 15:46:10 - accuracy_simulation - INFO - __init__:123 - Discovered 3 historical seasons: ['2021', '2022', '2024']
2025-12-18 15:46:10 - accuracy_simulation - INFO - __init__:129 - AccuracySimulationManager initialized: 729 configs/param
2025-12-18 15:46:10 - accuracy_simulation - INFO - run_ros_optimization:543 - Starting ROS accuracy optimization
2025-12-18 15:46:10 - accuracy_simulation - DEBUG - _detect_resume_state:276 - Found 3 valid intermediate folders, highest: TEAM_QUALITY_MIN_WEEKS (idx 2)
2025-12-18 15:46:10 - accuracy_simulation - INFO - run_ros_optimization:554 - Resuming from parameter 4/16
2025-12-18 15:46:10 - accuracy_simulation - DEBUG - load_intermediate_results:524 - Skipped week1-5.json - not accuracy format (missing mae field)
2025-12-18 15:46:10 - accuracy_simulation - DEBUG - load_intermediate_results:524 - Skipped week6-9.json - not accuracy format (missing mae field)
2025-12-18 15:46:10 - accuracy_simulation - DEBUG - load_intermediate_results:524 - Skipped week10-13.json - not accuracy format (missing mae field)
2025-12-18 15:46:10 - accuracy_simulation - DEBUG - load_intermediate_results:524 - Skipped week14-17.json - not accuracy format (missing mae field)
2025-12-18 15:46:10 - accuracy_simulation - INFO - load_intermediate_results:526 - Loaded 1 intermediate configs from simulation/simulation_configs/accuracy_intermediate_02_TEAM_QUALITY_MIN_WEEKS
2025-12-18 15:46:10 - accuracy_simulation - INFO - run_ros_optimization:557 - Loaded intermediate results from accuracy_intermediate_02_TEAM_QUALITY_MIN_WEEKS
2025-12-18 15:46:10 - accuracy_simulation - DEBUG - run_ros_optimization:591 - Skipping already-completed parameter 0: NORMALIZATION_MAX_SCALE
2025-12-18 15:46:10 - accuracy_simulation - DEBUG - run_ros_optimization:591 - Skipping already-completed parameter 1: TEAM_QUALITY_SCORING_WEIGHT
2025-12-18 15:46:10 - accuracy_simulation - DEBUG - run_ros_optimization:591 - Skipping already-completed parameter 2: TEAM_QUALITY_MIN_WEEKS
2025-12-18 15:46:10 - accuracy_simulation - INFO - run_ros_optimization:594 - Optimizing parameter 4/16: PERFORMANCE_SCORING_WEIGHT
2025-12-18 15:46:10 - accuracy_simulation - DEBUG - __init__:200 - Using legacy config structure: /tmp/accuracy_sim_vk3c5qan/league_config.json
2025-12-18 15:46:10 - accuracy_simulation - DEBUG - _load_config:920 - Loading configuration from: /tmp/accuracy_sim_vk3c5qan/league_config.json
2025-12-18 15:46:10 - accuracy_simulation - DEBUG - _load_config:929 - Successfully loaded JSON configuration
2025-12-18 15:46:10 - accuracy_simulation - DEBUG - _validate_config_structure:1001 - Configuration structure validation passed
2025-12-18 15:46:10 - accuracy_simulation - DEBUG - _load_config:942 - Loaded configuration: 'Accuracy Optimal draft_config (2025-12-16_12-05-55)'
2025-12-18 15:46:10 - accuracy_simulation - DEBUG - _load_config:943 - Description: ROS (Rest of Season) prediction parameters
2025-12-18 15:46:10 - accuracy_simulation - DEBUG - _load_config:944 - Parameters count: 17
2025-12-18 15:46:10 - accuracy_simulation - ERROR - main:283 - Simulation failed: Config missing required parameters: NORMALIZATION_MAX_SCALE, PLAYER_RATING_SCORING, TEAM_QUALITY_SCORING, MATCHUP_SCORING
Traceback (most recent call last):
  File "/home/kai/code/FantasyFootballHelperScriptsRefactored/run_accuracy_simulation.py", line 265, in main
    optimal_path = manager.run_ros_optimization()
  File "/home/kai/code/FantasyFootballHelperScriptsRefactored/simulation/accuracy/AccuracySimulationManager.py", line 614, in run_ros_optimization
    result = self._evaluate_config_ros(config_dict)
  File "/home/kai/code/FantasyFootballHelperScriptsRefactored/simulation/accuracy/AccuracySimulationManager.py", line 398, in _evaluate_config_ros
    player_mgr = self._create_player_manager(config_dict, projected_path.parent, season_path)
  File "/home/kai/code/FantasyFootballHelperScriptsRefactored/simulation/accuracy/AccuracySimulationManager.py", line 358, in _create_player_manager
    config_mgr = ConfigManager(temp_dir)
  File "/home/kai/code/FantasyFootballHelperScriptsRefactored/league_helper/util/ConfigManager.py", line 234, in __init__
    self._load_config()
    ~~~~~~~~~~~~~~~~~^^
  File "/home/kai/code/FantasyFootballHelperScriptsRefactored/league_helper/util/ConfigManager.py", line 975, in _load_config
    self._extract_parameters()
    ~~~~~~~~~~~~~~~~~~~~~~~~^^
  File "/home/kai/code/FantasyFootballHelperScriptsRefactored/league_helper/util/ConfigManager.py", line 1027, in _extract_parameters
    raise ValueError(
        f"Config missing required parameters: {', '.join(missing_params)}"
    )
ValueError: Config missing required parameters: NORMALIZATION_MAX_SCALE, PLAYER_RATING_SCORING, TEAM_QUALITY_SCORING, MATCHUP_SCORING
2025-12-18 21:15:09 - accuracy_simulation - INFO - main:248 - Using baseline config: simulation/simulation_configs/accuracy_optimal_2025-12-16_12-05-55
2025-12-18 21:15:09 - accuracy_simulation - INFO - __init__:98 - Initializing AccuracySimulationManager
2025-12-18 21:15:09 - accuracy_simulation - INFO - __init__:398 - Initializing ConfigGenerator with baseline folder: simulation/simulation_configs/accuracy_optimal_2025-12-16_12-05-55
2025-12-18 21:15:09 - accuracy_simulation - INFO - __init__:399 - Test values per parameter: 1 (total values: 2)
2025-12-18 21:15:09 - accuracy_simulation - INFO - load_baseline_from_folder:364 - Loaded 5 horizon configs from folder: simulation/simulation_configs/accuracy_optimal_2025-12-16_12-05-55
2025-12-18 21:15:09 - accuracy_simulation - INFO - __init__:411 - ConfigGenerator initialized successfully with 5 horizon configs
2025-12-18 21:15:09 - accuracy_simulation - INFO - __init__:188 - AccuracyResultsManager initialized: simulation/simulation_configs
2025-12-18 21:15:09 - accuracy_simulation - INFO - __init__:133 - Discovered 3 historical seasons: ['2021', '2022', '2024']
2025-12-18 21:15:09 - accuracy_simulation - INFO - __init__:139 - AccuracySimulationManager initialized: 64 configs/param
2025-12-18 21:15:09 - accuracy_simulation - ERROR - main:300 - Simulation failed: can only concatenate tuple (not "int") to tuple
Traceback (most recent call last):
  File "/home/kai/code/FantasyFootballHelperScriptsRefactored/run_accuracy_simulation.py", line 286, in main
    optimal_path = manager.run_both()
  File "/home/kai/code/FantasyFootballHelperScriptsRefactored/simulation/accuracy/AccuracySimulationManager.py", line 835, in run_both
    self.logger.info(f"Resuming from parameter {resume_param_idx + 1}")
                                                ~~~~~~~~~~~~~~~~~^~~
TypeError: can only concatenate tuple (not "int") to tuple
2025-12-18 21:17:54 - accuracy_simulation - INFO - main:248 - Using baseline config: simulation/simulation_configs/accuracy_optimal_2025-12-16_12-05-55
2025-12-18 21:17:54 - accuracy_simulation - INFO - __init__:98 - Initializing AccuracySimulationManager
2025-12-18 21:17:54 - accuracy_simulation - INFO - __init__:398 - Initializing ConfigGenerator with baseline folder: simulation/simulation_configs/accuracy_optimal_2025-12-16_12-05-55
2025-12-18 21:17:54 - accuracy_simulation - INFO - __init__:399 - Test values per parameter: 1 (total values: 2)
2025-12-18 21:17:54 - accuracy_simulation - INFO - load_baseline_from_folder:364 - Loaded 5 horizon configs from folder: simulation/simulation_configs/accuracy_optimal_2025-12-16_12-05-55
2025-12-18 21:17:54 - accuracy_simulation - INFO - __init__:411 - ConfigGenerator initialized successfully with 5 horizon configs
2025-12-18 21:17:54 - accuracy_simulation - INFO - __init__:188 - AccuracyResultsManager initialized: simulation/simulation_configs
2025-12-18 21:17:54 - accuracy_simulation - INFO - __init__:133 - Discovered 3 historical seasons: ['2021', '2022', '2024']
2025-12-18 21:17:54 - accuracy_simulation - INFO - __init__:139 - AccuracySimulationManager initialized: 64 configs/param
2025-12-18 21:17:54 - accuracy_simulation - INFO - run_both:835 - Resuming from parameter 4
2025-12-18 21:17:54 - accuracy_simulation - INFO - load_intermediate_results:576 - Loaded 1 intermediate configs from simulation/simulation_configs/accuracy_intermediate_02_TEAM_QUALITY_MIN_WEEKS
2025-12-18 21:17:54 - accuracy_simulation - INFO - run_both:857 - Optimizing parameter 5/16: PERFORMANCE_SCORING_STEPS
2025-12-18 21:17:54 - accuracy_simulation - INFO - run_both:858 -   Evaluating 10 configs × 5 horizons = 50 total evaluations
2025-12-18 21:17:54 - accuracy_simulation - INFO - evaluate_configs_parallel:123 - Starting parallel evaluation: 10 configs × 5 horizons = 50 total evaluations
2025-12-18 21:17:54 - accuracy_simulation - INFO - evaluate_configs_parallel:124 - Using ProcessPoolExecutor with 2 workers
2025-12-18 21:17:54 - accuracy_simulation - ERROR - evaluate_configs_parallel:154 - Config evaluation failed: AccuracyCalculator.__init__() takes 1 positional argument but 3 were given
concurrent.futures.process._RemoteTraceback: 
"""
Traceback (most recent call last):
  File "/usr/lib64/python3.14/concurrent/futures/process.py", line 254, in _process_worker
    r = call_item.fn(*call_item.args, **call_item.kwargs)
  File "/home/kai/code/FantasyFootballHelperScriptsRefactored/simulation/accuracy/ParallelAccuracyRunner.py", line 45, in _evaluate_config_tournament_process
    calculator = AccuracyCalculator(data_folder, available_seasons)
TypeError: AccuracyCalculator.__init__() takes 1 positional argument but 3 were given
"""

The above exception was the direct cause of the following exception:

Traceback (most recent call last):
  File "/home/kai/code/FantasyFootballHelperScriptsRefactored/simulation/accuracy/ParallelAccuracyRunner.py", line 145, in evaluate_configs_parallel
    result = future.result()
  File "/usr/lib64/python3.14/concurrent/futures/_base.py", line 443, in result
    return self.__get_result()
           ~~~~~~~~~~~~~~~~~^^
  File "/usr/lib64/python3.14/concurrent/futures/_base.py", line 395, in __get_result
    raise self._exception
TypeError: AccuracyCalculator.__init__() takes 1 positional argument but 3 were given
2025-12-18 21:17:54 - accuracy_simulation - ERROR - main:300 - Simulation failed: AccuracyCalculator.__init__() takes 1 positional argument but 3 were given
concurrent.futures.process._RemoteTraceback: 
"""
Traceback (most recent call last):
  File "/usr/lib64/python3.14/concurrent/futures/process.py", line 254, in _process_worker
    r = call_item.fn(*call_item.args, **call_item.kwargs)
  File "/home/kai/code/FantasyFootballHelperScriptsRefactored/simulation/accuracy/ParallelAccuracyRunner.py", line 45, in _evaluate_config_tournament_process
    calculator = AccuracyCalculator(data_folder, available_seasons)
TypeError: AccuracyCalculator.__init__() takes 1 positional argument but 3 were given
"""

The above exception was the direct cause of the following exception:

Traceback (most recent call last):
  File "/home/kai/code/FantasyFootballHelperScriptsRefactored/run_accuracy_simulation.py", line 286, in main
    optimal_path = manager.run_both()
  File "/home/kai/code/FantasyFootballHelperScriptsRefactored/simulation/accuracy/AccuracySimulationManager.py", line 894, in run_both
    evaluation_results = self.parallel_runner.evaluate_configs_parallel(
        configs_to_evaluate,
        progress_callback=progress_update
    )
  File "/home/kai/code/FantasyFootballHelperScriptsRefactored/simulation/accuracy/ParallelAccuracyRunner.py", line 145, in evaluate_configs_parallel
    result = future.result()
  File "/usr/lib64/python3.14/concurrent/futures/_base.py", line 443, in result
    return self.__get_result()
           ~~~~~~~~~~~~~~~~~^^
  File "/usr/lib64/python3.14/concurrent/futures/_base.py", line 395, in __get_result
    raise self._exception
TypeError: AccuracyCalculator.__init__() takes 1 positional argument but 3 were given
2025-12-18 21:18:58 - accuracy_simulation - INFO - main:248 - Using baseline config: simulation/simulation_configs/accuracy_optimal_2025-12-16_12-05-55
2025-12-18 21:18:58 - accuracy_simulation - INFO - __init__:98 - Initializing AccuracySimulationManager
2025-12-18 21:18:58 - accuracy_simulation - INFO - __init__:398 - Initializing ConfigGenerator with baseline folder: simulation/simulation_configs/accuracy_optimal_2025-12-16_12-05-55
2025-12-18 21:18:58 - accuracy_simulation - INFO - __init__:399 - Test values per parameter: 1 (total values: 2)
2025-12-18 21:18:58 - accuracy_simulation - INFO - load_baseline_from_folder:364 - Loaded 5 horizon configs from folder: simulation/simulation_configs/accuracy_optimal_2025-12-16_12-05-55
2025-12-18 21:18:58 - accuracy_simulation - INFO - __init__:411 - ConfigGenerator initialized successfully with 5 horizon configs
2025-12-18 21:18:58 - accuracy_simulation - INFO - __init__:188 - AccuracyResultsManager initialized: simulation/simulation_configs
2025-12-18 21:18:58 - accuracy_simulation - INFO - __init__:133 - Discovered 3 historical seasons: ['2021', '2022', '2024']
2025-12-18 21:18:58 - accuracy_simulation - INFO - __init__:139 - AccuracySimulationManager initialized: 64 configs/param
2025-12-18 21:18:58 - accuracy_simulation - INFO - run_both:835 - Resuming from parameter 4
2025-12-18 21:18:58 - accuracy_simulation - INFO - load_intermediate_results:576 - Loaded 1 intermediate configs from simulation/simulation_configs/accuracy_intermediate_02_TEAM_QUALITY_MIN_WEEKS
2025-12-18 21:18:58 - accuracy_simulation - INFO - run_both:857 - Optimizing parameter 5/16: PERFORMANCE_SCORING_STEPS
2025-12-18 21:18:58 - accuracy_simulation - INFO - run_both:858 -   Evaluating 10 configs × 5 horizons = 50 total evaluations
2025-12-18 21:18:58 - accuracy_simulation - INFO - evaluate_configs_parallel:123 - Starting parallel evaluation: 10 configs × 5 horizons = 50 total evaluations
2025-12-18 21:18:58 - accuracy_simulation - INFO - evaluate_configs_parallel:124 - Using ProcessPoolExecutor with 2 workers
2025-12-18 21:18:58 - accuracy_simulation - ERROR - evaluate_configs_parallel:154 - Config evaluation failed: 'PosixPath' object has no attribute 'items'
concurrent.futures.process._RemoteTraceback: 
"""
Traceback (most recent call last):
  File "/usr/lib64/python3.14/concurrent/futures/process.py", line 254, in _process_worker
    r = call_item.fn(*call_item.args, **call_item.kwargs)
  File "/home/kai/code/FantasyFootballHelperScriptsRefactored/simulation/accuracy/ParallelAccuracyRunner.py", line 59, in _evaluate_config_tournament_process
    ros_result = calculator.calculate_ros_mae(data_folder, config_dict)
  File "/home/kai/code/FantasyFootballHelperScriptsRefactored/simulation/accuracy/AccuracyCalculator.py", line 146, in calculate_ros_mae
    for player_id, projected in projections.items():
                                ^^^^^^^^^^^^^^^^^
AttributeError: 'PosixPath' object has no attribute 'items'. Did you mean: 'stem'?
"""

The above exception was the direct cause of the following exception:

Traceback (most recent call last):
  File "/home/kai/code/FantasyFootballHelperScriptsRefactored/simulation/accuracy/ParallelAccuracyRunner.py", line 145, in evaluate_configs_parallel
    result = future.result()
  File "/usr/lib64/python3.14/concurrent/futures/_base.py", line 443, in result
    return self.__get_result()
           ~~~~~~~~~~~~~~~~~^^
  File "/usr/lib64/python3.14/concurrent/futures/_base.py", line 395, in __get_result
    raise self._exception
AttributeError: 'PosixPath' object has no attribute 'items'
2025-12-18 21:18:58 - accuracy_simulation - ERROR - main:300 - Simulation failed: 'PosixPath' object has no attribute 'items'
concurrent.futures.process._RemoteTraceback: 
"""
Traceback (most recent call last):
  File "/usr/lib64/python3.14/concurrent/futures/process.py", line 254, in _process_worker
    r = call_item.fn(*call_item.args, **call_item.kwargs)
  File "/home/kai/code/FantasyFootballHelperScriptsRefactored/simulation/accuracy/ParallelAccuracyRunner.py", line 59, in _evaluate_config_tournament_process
    ros_result = calculator.calculate_ros_mae(data_folder, config_dict)
  File "/home/kai/code/FantasyFootballHelperScriptsRefactored/simulation/accuracy/AccuracyCalculator.py", line 146, in calculate_ros_mae
    for player_id, projected in projections.items():
                                ^^^^^^^^^^^^^^^^^
AttributeError: 'PosixPath' object has no attribute 'items'. Did you mean: 'stem'?
"""

The above exception was the direct cause of the following exception:

Traceback (most recent call last):
  File "/home/kai/code/FantasyFootballHelperScriptsRefactored/run_accuracy_simulation.py", line 286, in main
    optimal_path = manager.run_both()
  File "/home/kai/code/FantasyFootballHelperScriptsRefactored/simulation/accuracy/AccuracySimulationManager.py", line 894, in run_both
    evaluation_results = self.parallel_runner.evaluate_configs_parallel(
        configs_to_evaluate,
        progress_callback=progress_update
    )
  File "/home/kai/code/FantasyFootballHelperScriptsRefactored/simulation/accuracy/ParallelAccuracyRunner.py", line 145, in evaluate_configs_parallel
    result = future.result()
  File "/usr/lib64/python3.14/concurrent/futures/_base.py", line 443, in result
    return self.__get_result()
           ~~~~~~~~~~~~~~~~~^^
  File "/usr/lib64/python3.14/concurrent/futures/_base.py", line 395, in __get_result
    raise self._exception
AttributeError: 'PosixPath' object has no attribute 'items'
2025-12-18 21:21:07 - accuracy_simulation - INFO - main:248 - Using baseline config: simulation/simulation_configs/accuracy_optimal_2025-12-16_12-05-55
2025-12-18 21:21:07 - accuracy_simulation - INFO - __init__:98 - Initializing AccuracySimulationManager
2025-12-18 21:21:07 - accuracy_simulation - INFO - __init__:398 - Initializing ConfigGenerator with baseline folder: simulation/simulation_configs/accuracy_optimal_2025-12-16_12-05-55
2025-12-18 21:21:07 - accuracy_simulation - INFO - __init__:399 - Test values per parameter: 1 (total values: 2)
2025-12-18 21:21:07 - accuracy_simulation - INFO - load_baseline_from_folder:364 - Loaded 5 horizon configs from folder: simulation/simulation_configs/accuracy_optimal_2025-12-16_12-05-55
2025-12-18 21:21:07 - accuracy_simulation - INFO - __init__:411 - ConfigGenerator initialized successfully with 5 horizon configs
2025-12-18 21:21:07 - accuracy_simulation - INFO - __init__:188 - AccuracyResultsManager initialized: simulation/simulation_configs
2025-12-18 21:21:07 - accuracy_simulation - INFO - __init__:133 - Discovered 3 historical seasons: ['2021', '2022', '2024']
2025-12-18 21:21:07 - accuracy_simulation - INFO - __init__:139 - AccuracySimulationManager initialized: 64 configs/param
2025-12-18 21:21:07 - accuracy_simulation - INFO - run_both:835 - Resuming from parameter 4
2025-12-18 21:21:07 - accuracy_simulation - INFO - load_intermediate_results:576 - Loaded 1 intermediate configs from simulation/simulation_configs/accuracy_intermediate_02_TEAM_QUALITY_MIN_WEEKS
2025-12-18 21:21:07 - accuracy_simulation - INFO - run_both:857 - Optimizing parameter 5/16: PERFORMANCE_SCORING_STEPS
2025-12-18 21:21:07 - accuracy_simulation - INFO - run_both:858 -   Evaluating 10 configs × 5 horizons = 50 total evaluations
2025-12-18 21:21:07 - accuracy_simulation - ERROR - main:300 - Simulation failed: No module named 'utils.SeasonScheduleManager'
Traceback (most recent call last):
  File "/home/kai/code/FantasyFootballHelperScriptsRefactored/run_accuracy_simulation.py", line 286, in main
    optimal_path = manager.run_both()
  File "/home/kai/code/FantasyFootballHelperScriptsRefactored/simulation/accuracy/AccuracySimulationManager.py", line 881, in run_both
    from simulation.accuracy.ParallelAccuracyRunner import ParallelAccuracyRunner
  File "/home/kai/code/FantasyFootballHelperScriptsRefactored/simulation/accuracy/ParallelAccuracyRunner.py", line 28, in <module>
    from utils.SeasonScheduleManager import SeasonScheduleManager
ModuleNotFoundError: No module named 'utils.SeasonScheduleManager'
2025-12-18 21:22:05 - accuracy_simulation - INFO - main:248 - Using baseline config: simulation/simulation_configs/accuracy_optimal_2025-12-16_12-05-55
2025-12-18 21:22:05 - accuracy_simulation - INFO - __init__:98 - Initializing AccuracySimulationManager
2025-12-18 21:22:05 - accuracy_simulation - INFO - __init__:398 - Initializing ConfigGenerator with baseline folder: simulation/simulation_configs/accuracy_optimal_2025-12-16_12-05-55
2025-12-18 21:22:05 - accuracy_simulation - INFO - __init__:399 - Test values per parameter: 1 (total values: 2)
2025-12-18 21:22:05 - accuracy_simulation - INFO - load_baseline_from_folder:364 - Loaded 5 horizon configs from folder: simulation/simulation_configs/accuracy_optimal_2025-12-16_12-05-55
2025-12-18 21:22:05 - accuracy_simulation - INFO - __init__:411 - ConfigGenerator initialized successfully with 5 horizon configs
2025-12-18 21:22:05 - accuracy_simulation - INFO - __init__:188 - AccuracyResultsManager initialized: simulation/simulation_configs
2025-12-18 21:22:05 - accuracy_simulation - INFO - __init__:133 - Discovered 3 historical seasons: ['2021', '2022', '2024']
2025-12-18 21:22:05 - accuracy_simulation - INFO - __init__:139 - AccuracySimulationManager initialized: 64 configs/param
2025-12-18 21:22:05 - accuracy_simulation - INFO - run_both:835 - Resuming from parameter 4
2025-12-18 21:22:05 - accuracy_simulation - INFO - load_intermediate_results:576 - Loaded 1 intermediate configs from simulation/simulation_configs/accuracy_intermediate_02_TEAM_QUALITY_MIN_WEEKS
2025-12-18 21:22:05 - accuracy_simulation - INFO - run_both:857 - Optimizing parameter 5/16: PERFORMANCE_SCORING_STEPS
2025-12-18 21:22:05 - accuracy_simulation - INFO - run_both:858 -   Evaluating 10 configs × 5 horizons = 50 total evaluations
2025-12-18 21:22:05 - accuracy_simulation - INFO - evaluate_configs_parallel:299 - Starting parallel evaluation: 10 configs × 5 horizons = 50 total evaluations
2025-12-18 21:22:05 - accuracy_simulation - INFO - evaluate_configs_parallel:300 - Using ProcessPoolExecutor with 2 workers
2025-12-18 21:22:05 - accuracy_simulation - ERROR - main:300 - Simulation failed: 1
Traceback (most recent call last):
  File "/home/kai/code/FantasyFootballHelperScriptsRefactored/run_accuracy_simulation.py", line 286, in main
    optimal_path = manager.run_both()
  File "/home/kai/code/FantasyFootballHelperScriptsRefactored/simulation/accuracy/AccuracySimulationManager.py", line 894, in run_both
    evaluation_results = self.parallel_runner.evaluate_configs_parallel(
        configs_to_evaluate,
        progress_callback=progress_update
    )
  File "/home/kai/code/FantasyFootballHelperScriptsRefactored/simulation/accuracy/ParallelAccuracyRunner.py", line 335, in evaluate_configs_parallel
    ordered_results = [(cfg, config_to_result[str(cfg)][1]) for cfg in configs]
                             ~~~~~~~~~~~~~~~~~~~~~~~~~~^^^
KeyError: 1
